error[E0404]: expected trait, found struct `Rectangle`
 --> tests/fail/invalid_dyn.rs:7:26
  |
7 | visitor!(dyn Circle, dyn Rectangle, dyn Sphere, Arc, Cube);
  |                          ^^^^^^^^^ not a trait

error[E0782]: expected a type, found a trait
 --> tests/fail/invalid_dyn.rs:7:54
  |
7 | visitor!(dyn Circle, dyn Rectangle, dyn Sphere, Arc, Cube);
  |                                                      ^^^^
  |
help: you can add the `dyn` keyword if you want a trait object
  |
7 | visitor!(dyn Circle, dyn Rectangle, dyn Sphere, Arc, dyn Cube);
  |                                                      +++
help: alternatively use a blanket implementation to implement `visitor!(dyn Circle, dyn Rectangle, dyn Sphere, Arc, Cube)` for all types that also implement `Cube`
  |
7 | visitor!(dyn Circle, dyn Rectangle, dyn Sphere, Arc, T)<T: Cube>;
  |                                                      ~ +++++++++
